../../../FSBL/X-CUBE-AI/App/h1_inference.c:43:6:h1_init	8	static
../../../FSBL/X-CUBE-AI/App/h1_inference.c:53:6:h1_push	32	static
../../../FSBL/X-CUBE-AI/App/h1_inference.c:65:6:h1_set_time	16	static
../../../FSBL/X-CUBE-AI/App/h1_inference.c:74:24:buf_at	24	static
../../../FSBL/X-CUBE-AI/App/h1_inference.c:86:12:find_ago_k	40	static
../../../FSBL/X-CUBE-AI/App/h1_inference.c:112:14:h1_relu	16	static
../../../FSBL/X-CUBE-AI/App/h1_inference.c:114:13:h1_softmax	48	static
../../../FSBL/X-CUBE-AI/App/h1_inference.c:127:13:dense	40	static
../../../FSBL/X-CUBE-AI/App/h1_inference.c:143:14:dewpoint	32	static
../../../FSBL/X-CUBE-AI/App/h1_inference.c:156:10:h1_infer	608	static
../../../FSBL/X-CUBE-AI/App/h1_inference.c:288:13:h1_class_name	16	static
