../../../Drivers/STM32N6xx_HAL_Driver/Inc/stm32n6xx_ll_bus.h:1165:22:LL_AHB3_GRP1_EnableClock	1
../../../Drivers/STM32N6xx_HAL_Driver/Inc/stm32n6xx_ll_bus.h:1407:22:LL_AHB4_GRP1_EnableClock	1
../../../Drivers/STM32N6xx_HAL_Driver/Inc/stm32n6xx_ll_bus.h:1755:22:LL_AHB5_GRP1_EnableClock	1
C:/ST/AtmosAI_ETRS606_user/FSBL/Core/Src/main.c:109:5:main	2
C:/ST/AtmosAI_ETRS606_user/FSBL/Core/Src/main.c:200:6:SystemClock_Config	10
C:/ST/AtmosAI_ETRS606_user/FSBL/Core/Src/main.c:318:13:MX_CACHEAXI_Init	2
C:/ST/AtmosAI_ETRS606_user/FSBL/Core/Src/main.c:344:13:MX_ETH1_Init	3
C:/ST/AtmosAI_ETRS606_user/FSBL/Core/Src/main.c:396:13:MX_I2C1_Init	4
C:/ST/AtmosAI_ETRS606_user/FSBL/Core/Src/main.c:444:15:SystemIsolation_Config	1
C:/ST/AtmosAI_ETRS606_user/FSBL/Core/Src/main.c:497:13:MX_USART1_UART_Init	5
C:/ST/AtmosAI_ETRS606_user/FSBL/Core/Src/main.c:545:13:MX_GPIO_Init	1
C:/ST/AtmosAI_ETRS606_user/FSBL/Core/Src/main.c:600:1:__io_putchar	1
C:\ST\STM32CubeIDE_2.1.0\STM32CubeIDE\plugins\com.st.stm32cube.ide.mcu.externaltools.gnu-tools-for-stm32.14.3.rel1.win32_1.0.100.202602081740\tools\bin/../lib/gcc/arm-none-eabi/14.3.1/../../../../arm-none-eabi/include/stdio.h:206:5:printf	2
C:/ST/AtmosAI_ETRS606_user/FSBL/Core/Src/main.c:623:6:Success_Handler	1
C:/ST/AtmosAI_ETRS606_user/FSBL/Core/Src/main.c:639:6:MPU_Config	1
C:/ST/AtmosAI_ETRS606_user/FSBL/Core/Src/main.c:694:6:HAL_TIM_PeriodElapsedCallback	2
C:/ST/AtmosAI_ETRS606_user/FSBL/Core/Src/main.c:712:6:Error_Handler	1
