../../../Drivers/STM32N6xx_HAL_Driver/Inc/stm32n6xx_ll_bus.h:1165:22:LL_AHB3_GRP1_EnableClock	1
../../../Drivers/STM32N6xx_HAL_Driver/Inc/stm32n6xx_ll_bus.h:1407:22:LL_AHB4_GRP1_EnableClock	1
../../../Drivers/STM32N6xx_HAL_Driver/Inc/stm32n6xx_ll_bus.h:1755:22:LL_AHB5_GRP1_EnableClock	1
C:/Users/William/Documents/GitHub/AtmosAI_ETRS606/FSBL/Core/Src/main.c:109:5:main	2
C:/Users/William/Documents/GitHub/AtmosAI_ETRS606/FSBL/Core/Src/main.c:209:6:SystemClock_Config	10
C:/Users/William/Documents/GitHub/AtmosAI_ETRS606/FSBL/Core/Src/main.c:327:13:MX_CACHEAXI_Init	2
C:/Users/William/Documents/GitHub/AtmosAI_ETRS606/FSBL/Core/Src/main.c:353:13:MX_ETH1_Init	3
C:/Users/William/Documents/GitHub/AtmosAI_ETRS606/FSBL/Core/Src/main.c:405:13:MX_I2C1_Init	4
C:/Users/William/Documents/GitHub/AtmosAI_ETRS606/FSBL/Core/Src/main.c:453:15:SystemIsolation_Config	1
C:/Users/William/Documents/GitHub/AtmosAI_ETRS606/FSBL/Core/Src/main.c:506:13:MX_USART1_UART_Init	5
C:/Users/William/Documents/GitHub/AtmosAI_ETRS606/FSBL/Core/Src/main.c:554:13:MX_GPIO_Init	1
C:/Users/William/Documents/GitHub/AtmosAI_ETRS606/FSBL/Core/Src/main.c:609:1:__io_putchar	1
C:\ST\STM32CubeIDE_2.1.1\STM32CubeIDE\plugins\com.st.stm32cube.ide.mcu.externaltools.gnu-tools-for-stm32.14.3.rel1.win32_1.0.100.202602081740\tools\bin/../lib/gcc/arm-none-eabi/14.3.1/../../../../arm-none-eabi/include/stdio.h:206:5:printf	2
C:/Users/William/Documents/GitHub/AtmosAI_ETRS606/FSBL/Core/Src/main.c:632:6:Success_Handler	1
C:/Users/William/Documents/GitHub/AtmosAI_ETRS606/FSBL/Core/Src/main.c:648:6:MPU_Config	1
C:/Users/William/Documents/GitHub/AtmosAI_ETRS606/FSBL/Core/Src/main.c:703:6:HAL_TIM_PeriodElapsedCallback	2
C:/Users/William/Documents/GitHub/AtmosAI_ETRS606/FSBL/Core/Src/main.c:721:6:Error_Handler	1
