C:/Users/William/Documents/GitHub/AtmosAI_ETRS606/FSBL/NetXDuo/App/app_netxduo.c:110:9:hts221_write	40	static
C:/Users/William/Documents/GitHub/AtmosAI_ETRS606/FSBL/NetXDuo/App/app_netxduo.c:116:9:hts221_read	40	static
C:/Users/William/Documents/GitHub/AtmosAI_ETRS606/FSBL/NetXDuo/App/app_netxduo.c:123:9:lps22hh_write	40	static
C:/Users/William/Documents/GitHub/AtmosAI_ETRS606/FSBL/NetXDuo/App/app_netxduo.c:129:9:lps22hh_read	40	static
C:/Users/William/Documents/GitHub/AtmosAI_ETRS606/FSBL/NetXDuo/App/app_netxduo.c:137:9:lsm6dso_write	40	static
C:/Users/William/Documents/GitHub/AtmosAI_ETRS606/FSBL/NetXDuo/App/app_netxduo.c:143:9:lsm6dso_read	40	static
C:/Users/William/Documents/GitHub/AtmosAI_ETRS606/FSBL/NetXDuo/App/app_netxduo.c:157:6:MX_NetXDuo_Init	64	static
C:/Users/William/Documents/GitHub/AtmosAI_ETRS606/FSBL/NetXDuo/App/app_netxduo.c:356:13:ip_address_change_notify_callback	16	static
C:/Users/William/Documents/GitHub/AtmosAI_ETRS606/FSBL/NetXDuo/App/app_netxduo.c:378:13:nx_app_thread_entry	40	static
C:/Users/William/Documents/GitHub/AtmosAI_ETRS606/FSBL/NetXDuo/App/app_netxduo.c:459:13:App_Sensor_Thread_Entry	320	static
C:/Users/William/Documents/GitHub/AtmosAI_ETRS606/FSBL/NetXDuo/App/app_netxduo.c:798:13:npu_risaf_init	24	static
C:/Users/William/Documents/GitHub/AtmosAI_ETRS606/FSBL/NetXDuo/App/app_netxduo.c:837:13:App_Try_Init_Npu	8	static
C:/Users/William/Documents/GitHub/AtmosAI_ETRS606/FSBL/NetXDuo/App/app_netxduo.c:857:13:App_Resolve_Server_Ip	840	static
C:/Users/William/Documents/GitHub/AtmosAI_ETRS606/FSBL/NetXDuo/App/app_netxduo.c:995:13:App_TCP_Thread_Entry	288	static
C:/Users/William/Documents/GitHub/AtmosAI_ETRS606/FSBL/NetXDuo/App/app_netxduo.c:1249:13:App_Link_Thread_Entry	40	static
