C:/ST/AtmosAI_ETRS606_user/FSBL/NetXDuo/App/app_netxduo.c:94:9:hts221_write	40	static
C:/ST/AtmosAI_ETRS606_user/FSBL/NetXDuo/App/app_netxduo.c:100:9:hts221_read	40	static
C:/ST/AtmosAI_ETRS606_user/FSBL/NetXDuo/App/app_netxduo.c:107:9:lps22hh_write	40	static
C:/ST/AtmosAI_ETRS606_user/FSBL/NetXDuo/App/app_netxduo.c:113:9:lps22hh_read	40	static
C:/ST/AtmosAI_ETRS606_user/FSBL/NetXDuo/App/app_netxduo.c:127:6:MX_NetXDuo_Init	64	static
C:/ST/AtmosAI_ETRS606_user/FSBL/NetXDuo/App/app_netxduo.c:325:13:ip_address_change_notify_callback	16	static
C:/ST/AtmosAI_ETRS606_user/FSBL/NetXDuo/App/app_netxduo.c:347:13:nx_app_thread_entry	40	static
C:/ST/AtmosAI_ETRS606_user/FSBL/NetXDuo/App/app_netxduo.c:425:13:App_Sensor_Thread_Entry	280	static
C:/ST/AtmosAI_ETRS606_user/FSBL/NetXDuo/App/app_netxduo.c:693:13:npu_risaf_init	24	static
C:/ST/AtmosAI_ETRS606_user/FSBL/NetXDuo/App/app_netxduo.c:732:13:App_Try_Init_Npu	8	static
C:/ST/AtmosAI_ETRS606_user/FSBL/NetXDuo/App/app_netxduo.c:747:13:App_TCP_Thread_Entry	176	static
C:/ST/AtmosAI_ETRS606_user/FSBL/NetXDuo/App/app_netxduo.c:945:13:App_Link_Thread_Entry	40	static
