../../../FSBL/X-CUBE-AI/App/h1_inference.c:34:6:h1_init	8	static
../../../FSBL/X-CUBE-AI/App/h1_inference.c:44:6:h1_push	32	static
../../../FSBL/X-CUBE-AI/App/h1_inference.c:56:6:h1_set_time	16	static
../../../FSBL/X-CUBE-AI/App/h1_inference.c:65:24:buf_at	24	static
../../../FSBL/X-CUBE-AI/App/h1_inference.c:77:12:find_ago_k	40	static
../../../FSBL/X-CUBE-AI/App/h1_inference.c:103:14:h1_relu	16	static
../../../FSBL/X-CUBE-AI/App/h1_inference.c:105:13:h1_softmax	48	static
../../../FSBL/X-CUBE-AI/App/h1_inference.c:118:13:dense	40	static
../../../FSBL/X-CUBE-AI/App/h1_inference.c:134:14:dewpoint	32	static
../../../FSBL/X-CUBE-AI/App/h1_inference.c:146:10:h1_infer	544	static
../../../FSBL/X-CUBE-AI/App/h1_inference.c:249:5:h1_build_features	160	static
../../../FSBL/X-CUBE-AI/App/h1_inference.c:303:13:h1_class_name	16	static
